// Jest Snapshot v1, https://goo.gl/fbAQLP

exports[`Collection component Nested collections are correctly serialized 1`] = `
{
  "components": [
    {
      "components": [
        {
          "components": [
            {
              "components": [
                {
                  "name": {
                    "collectionId": "nested_collection",
                    "path": "user",
                    "type": "data-variable",
                    "variableType": "currentItem",
                  },
                  "type": "default",
                },
              ],
              "type": "data-collection-item",
            },
          ],
          "dataResolver": {
            "collectionId": "nested_collection",
            "dataSource": {
              "path": "nested_data_source_id",
              "type": "data-variable",
            },
          },
          "type": "data-collection",
        },
      ],
      "type": "data-collection-item",
    },
  ],
  "dataResolver": {
    "collectionId": "parent_collection",
    "dataSource": {
      "path": "my_data_source_id",
      "type": "data-variable",
    },
  },
  "type": "data-collection",
}
`;
